[run_id=20260912_174204_152_paper_strict_raw_equation_seed2025_01f04b03] [run_id=20260912_174204_152_paper_strict_raw_equation_seed2025_01f04b03] planning flights:   0%|          | 0/100 [00:00<?, ?it/s][run_id=20260912_174204_152_paper_strict_raw_equation_seed2025_01f04b03] planning flights:   7%|▋         | 7/100 [00:00<00:01, 60.87it/s][run_id=20260912_174204_152_paper_strict_raw_equation_seed2025_01f04b03] planning flights:  14%|█▍        | 14/100 [00:00<00:01, 50.54it/s][run_id=20260912_174204_152_paper_strict_raw_equation_seed2025_01f04b03] planning flights:  23%|██▎       | 23/100 [00:00<00:01, 62.23it/s][run_id=20260912_174204_152_paper_strict_raw_equation_seed2025_01f04b03] planning flights:  30%|███       | 30/100 [00:00<00:01, 62.27it/s][run_id=20260912_174204_152_paper_strict_raw_equation_seed2025_01f04b03] planning flights:  37%|███▋      | 37/100 [00:00<00:01, 58.78it/s][run_id=20260912_174204_152_paper_strict_raw_equation_seed2025_01f04b03] planning flights:  45%|████▌     | 45/100 [00:00<00:00, 64.93it/s][run_id=20260912_174204_152_paper_strict_raw_equation_seed2025_01f04b03] planning flights:  53%|█████▎    | 53/100 [00:00<00:00, 68.52it/s][run_id=20260912_174204_152_paper_strict_raw_equation_seed2025_01f04b03] planning flights:  60%|██████    | 60/100 [00:00<00:00, 60.16it/s][run_id=20260912_174204_152_paper_strict_raw_equation_seed2025_01f04b03] planning flights:  67%|██████▋   | 67/100 [00:01<00:00, 55.87it/s][run_id=20260912_174204_152_paper_strict_raw_equation_seed2025_01f04b03] planning flights:  75%|███████▌  | 75/100 [00:01<00:00, 60.93it/s][run_id=20260912_174204_152_paper_strict_raw_equation_seed2025_01f04b03] planning flights:  83%|████████▎ | 83/100 [00:01<00:00, 65.70it/s][run_id=20260912_174204_152_paper_strict_raw_equation_seed2025_01f04b03] planning flights:  91%|█████████ | 91/100 [00:01<00:00, 66.91it/s][run_id=20260912_174204_152_paper_strict_raw_equation_seed2025_01f04b03] planning flights:  99%|█████████▉| 99/100 [00:01<00:00, 68.45it/s][run_id=20260912_174204_152_paper_strict_raw_equation_seed2025_01f04b03]                                                                   [run_id=20260912_174204_152_paper_strict_raw_equation_seed2025_01f04b03] Initial conflicts: 130
[run_id=20260912_174204_152_paper_strict_raw_equation_seed2025_01f04b03] Stage 1 key flights: 10 [41, 62, 18, 64, 83, 4, 16, 80, 49, 3]
[run_id=20260912_174204_152_paper_strict_raw_equation_seed2025_01f04b03] paper_strict: NP=20, generations=50+50, n_jobs=8
[run_id=20260912_174204_152_paper_strict_raw_equation_seed2025_01f04b03] stage1 generation 1/50: fitness=5081771.151355, Nc=107
[run_id=20260912_174204_152_paper_strict_raw_equation_seed2025_01f04b03] stage1 generation 10/50: fitness=4900264.561054, Nc=103
[run_id=20260912_174204_152_paper_strict_raw_equation_seed2025_01f04b03] stage1 generation 20/50: fitness=4895406.967897, Nc=103
[run_id=20260912_174204_152_paper_strict_raw_equation_seed2025_01f04b03] stage1 generation 30/50: fitness=4839126.652303, Nc=103
[run_id=20260912_174204_152_paper_strict_raw_equation_seed2025_01f04b03] stage1 generation 40/50: fitness=4672557.734475, Nc=102
[run_id=20260912_174204_152_paper_strict_raw_equation_seed2025_01f04b03] stage1 generation 50/50: fitness=4347629.175382, Nc=102
[run_id=20260912_174204_152_paper_strict_raw_equation_seed2025_01f04b03] Stage 1 remaining conflicts: 102
[run_id=20260912_174204_152_paper_strict_raw_equation_seed2025_01f04b03] Stage 2 remaining conflict points: 102
[run_id=20260912_174204_152_paper_strict_raw_equation_seed2025_01f04b03] stage2 generation 1/50: fitness=2240155.533087, Nc=46
[run_id=20260912_174204_152_paper_strict_raw_equation_seed2025_01f04b03] stage2 generation 10/50: fitness=679015.602287, Nc=14
[run_id=20260912_174204_152_paper_strict_raw_equation_seed2025_01f04b03] stage2 generation 20/50: fitness=678349.606547, Nc=14
[run_id=20260912_174204_152_paper_strict_raw_equation_seed2025_01f04b03] stage2 generation 30/50: fitness=673816.538767, Nc=14
[run_id=20260912_174204_152_paper_strict_raw_equation_seed2025_01f04b03] stage2 generation 40/50: fitness=657037.742859, Nc=14
[run_id=20260912_174204_152_paper_strict_raw_equation_seed2025_01f04b03] stage2 generation 50/50: fitness=611900.418656, Nc=14
[run_id=20260912_174204_152_paper_strict_raw_equation_seed2025_01f04b03] Main metrics summary
[run_id=20260912_174204_152_paper_strict_raw_equation_seed2025_01f04b03] Stage 1 strategies: {'schedule': 6, 'speed': 3, 'reroute': 1}
[run_id=20260912_174204_152_paper_strict_raw_equation_seed2025_01f04b03] Stage 1 combinations: 0
[run_id=20260912_174204_152_paper_strict_raw_equation_seed2025_01f04b03] Stage 2 final ADM probabilities:
[run_id=20260912_174204_152_paper_strict_raw_equation_seed2025_01f04b03] [[1.0000e+00 1.0000e-12 1.0000e-12]
[run_id=20260912_174204_152_paper_strict_raw_equation_seed2025_01f04b03]  [1.0000e-12 1.0000e-12 1.0000e+00]
[run_id=20260912_174204_152_paper_strict_raw_equation_seed2025_01f04b03]  [1.0000e-12 1.0000e+00 1.0000e-12]
[run_id=20260912_174204_152_paper_strict_raw_equation_seed2025_01f04b03]  [1.0000e+00 1.0019e-12 1.0000e-12]
[run_id=20260912_174204_152_paper_strict_raw_equation_seed2025_01f04b03]  [1.0000e-12 1.0000e-12 1.0000e+00]
[run_id=20260912_174204_152_paper_strict_raw_equation_seed2025_01f04b03]  [1.0000e-12 1.0000e+00 1.0000e-12]
[run_id=20260912_174204_152_paper_strict_raw_equation_seed2025_01f04b03]  [1.0000e-12 1.0000e+00 1.0000e-12]
[run_id=20260912_174204_152_paper_strict_raw_equation_seed2025_01f04b03]  [1.0000e-12 1.0000e+00 1.0000e-12]
[run_id=20260912_174204_152_paper_strict_raw_equation_seed2025_01f04b03]  [1.4611e-10 1.0000e+00 1.0000e-12]
[run_id=20260912_174204_152_paper_strict_raw_equation_seed2025_01f04b03]  [1.0000e+00 1.0000e-12 1.0000e-12]
[run_id=20260912_174204_152_paper_strict_raw_equation_seed2025_01f04b03]  [5.1334e-04 9.9949e-01 1.0000e-12]
[run_id=20260912_174204_152_paper_strict_raw_equation_seed2025_01f04b03]  [1.0000e-12 1.7908e-03 9.9821e-01]
[run_id=20260912_174204_152_paper_strict_raw_equation_seed2025_01f04b03]  [1.0000e-12 1.0000e+00 1.0000e-12]
[run_id=20260912_174204_152_paper_strict_raw_equation_seed2025_01f04b03]  [9.4677e-01 5.3234e-02 1.0000e-12]
[run_id=20260912_174204_152_paper_strict_raw_equation_seed2025_01f04b03]  [1.0000e+00 1.0000e-12 1.0000e-12]
[run_id=20260912_174204_152_paper_strict_raw_equation_seed2025_01f04b03]  [9.9791e-01 2.0856e-03 4.7772e-11]
[run_id=20260912_174204_152_paper_strict_raw_equation_seed2025_01f04b03]  [1.0000e-12 1.0000e+00 1.0000e-12]
[run_id=20260912_174204_152_paper_strict_raw_equation_seed2025_01f04b03]  [1.0000e+00 1.0000e-12 1.0000e-12]
[run_id=20260912_174204_152_paper_strict_raw_equation_seed2025_01f04b03]  [1.0000e-12 1.0000e-12 1.0000e+00]
[run_id=20260912_174204_152_paper_strict_raw_equation_seed2025_01f04b03]  [1.0000e-12 1.0000e+00 1.0000e-12]
[run_id=20260912_174204_152_paper_strict_raw_equation_seed2025_01f04b03]  [1.0000e-12 1.0000e+00 1.0000e-12]
[run_id=20260912_174204_152_paper_strict_raw_equation_seed2025_01f04b03]  [1.0000e+00 1.0000e-12 1.0000e-12]
[run_id=20260912_174204_152_paper_strict_raw_equation_seed2025_01f04b03]  [1.0000e+00 1.0000e-12 1.0000e-12]
[run_id=20260912_174204_152_paper_strict_raw_equation_seed2025_01f04b03]  [1.0000e+00 1.0000e-12 1.0000e-12]
[run_id=20260912_174204_152_paper_strict_raw_equation_seed2025_01f04b03]  [1.0000e+00 1.0000e-12 1.5084e-09]
[run_id=20260912_174204_152_paper_strict_raw_equation_seed2025_01f04b03]  [1.0000e-12 1.0000e+00 1.0000e-12]
[run_id=20260912_174204_152_paper_strict_raw_equation_seed2025_01f04b03]  [8.1288e-03 1.0000e-12 9.9187e-01]
[run_id=20260912_174204_152_paper_strict_raw_equation_seed2025_01f04b03]  [1.0000e-12 1.0000e-12 1.0000e+00]
[run_id=20260912_174204_152_paper_strict_raw_equation_seed2025_01f04b03]  [1.0000e-12 1.0000e+00 1.0000e-12]
[run_id=20260912_174204_152_paper_strict_raw_equation_seed2025_01f04b03]  [1.0000e-12 1.0000e+00 1.2292e-12]
[run_id=20260912_174204_152_paper_strict_raw_equation_seed2025_01f04b03]  [1.0000e-12 1.0000e-12 1.0000e+00]
[run_id=20260912_174204_152_paper_strict_raw_equation_seed2025_01f04b03]  [1.0000e+00 1.0000e-12 1.0000e-12]
[run_id=20260912_174204_152_paper_strict_raw_equation_seed2025_01f04b03]  [1.0000e-12 1.0000e-12 1.0000e+00]
[run_id=20260912_174204_152_paper_strict_raw_equation_seed2025_01f04b03]  [1.0000e-12 1.0000e-12 1.0000e+00]
[run_id=20260912_174204_152_paper_strict_raw_equation_seed2025_01f04b03]  [1.0000e-12 1.0000e+00 1.0000e-12]
[run_id=20260912_174204_152_paper_strict_raw_equation_seed2025_01f04b03]  [3.6901e-12 1.0000e-12 1.0000e+00]
[run_id=20260912_174204_152_paper_strict_raw_equation_seed2025_01f04b03]  [8.0957e-08 1.0000e+00 1.0000e-12]
[run_id=20260912_174204_152_paper_strict_raw_equation_seed2025_01f04b03]  [1.0000e-12 1.0000e+00 1.0000e-12]
[run_id=20260912_174204_152_paper_strict_raw_equation_seed2025_01f04b03]  [1.0000e-12 1.0000e+00 1.0000e-12]
[run_id=20260912_174204_152_paper_strict_raw_equation_seed2025_01f04b03]  [1.6260e-12 1.0000e-12 1.0000e+00]
[run_id=20260912_174204_152_paper_strict_raw_equation_seed2025_01f04b03]  [1.0000e-12 1.0000e+00 1.0000e-12]
[run_id=20260912_174204_152_paper_strict_raw_equation_seed2025_01f04b03]  [1.0000e+00 6.0817e-09 1.0000e-12]
[run_id=20260912_174204_152_paper_strict_raw_equation_seed2025_01f04b03]  [1.0000e+00 1.0000e-12 1.0000e-12]
[run_id=20260912_174204_152_paper_strict_raw_equation_seed2025_01f04b03]  [1.0000e-12 1.0000e+00 2.4753e-10]
[run_id=20260912_174204_152_paper_strict_raw_equation_seed2025_01f04b03]  [1.0000e-12 1.0000e+00 1.0000e-12]
[run_id=20260912_174204_152_paper_strict_raw_equation_seed2025_01f04b03]  [1.0000e-12 1.0000e+00 1.0000e-12]
[run_id=20260912_174204_152_paper_strict_raw_equation_seed2025_01f04b03]  [1.0000e-12 1.0000e+00 1.0000e-12]
[run_id=20260912_174204_152_paper_strict_raw_equation_seed2025_01f04b03]  [1.0000e+00 1.0000e-12 1.0000e-12]
[run_id=20260912_174204_152_paper_strict_raw_equation_seed2025_01f04b03]  [1.0000e-12 8.4424e-07 1.0000e+00]
[run_id=20260912_174204_152_paper_strict_raw_equation_seed2025_01f04b03]  [1.0000e-12 1.0000e+00 1.0000e-12]
[run_id=20260912_174204_152_paper_strict_raw_equation_seed2025_01f04b03]  [1.0000e+00 1.0000e-12 8.0327e-12]
[run_id=20260912_174204_152_paper_strict_raw_equation_seed2025_01f04b03]  [1.0000e-12 1.0000e-12 1.0000e+00]
[run_id=20260912_174204_152_paper_strict_raw_equation_seed2025_01f04b03]  [1.0000e-12 8.4140e-12 1.0000e+00]
[run_id=20260912_174204_152_paper_strict_raw_equation_seed2025_01f04b03]  [1.0000e+00 1.0000e-12 1.0000e-12]
[run_id=20260912_174204_152_paper_strict_raw_equation_seed2025_01f04b03]  [1.0000e-12 1.2896e-12 1.0000e+00]
[run_id=20260912_174204_152_paper_strict_raw_equation_seed2025_01f04b03]  [1.0000e-12 1.0000e-12 1.0000e+00]
[run_id=20260912_174204_152_paper_strict_raw_equation_seed2025_01f04b03]  [1.0000e-12 1.0000e+00 1.0000e-12]
[run_id=20260912_174204_152_paper_strict_raw_equation_seed2025_01f04b03]  [1.0000e-12 1.0000e+00 2.7005e-11]
[run_id=20260912_174204_152_paper_strict_raw_equation_seed2025_01f04b03]  [1.0000e+00 1.0000e-12 1.0000e-12]
[run_id=20260912_174204_152_paper_strict_raw_equation_seed2025_01f04b03]  [1.0000e+00 6.3168e-11 1.0000e-12]
[run_id=20260912_174204_152_paper_strict_raw_equation_seed2025_01f04b03]  [1.0000e-12 1.0000e-12 1.0000e+00]
[run_id=20260912_174204_152_paper_strict_raw_equation_seed2025_01f04b03]  [1.0000e-12 2.4156e-10 1.0000e+00]
[run_id=20260912_174204_152_paper_strict_raw_equation_seed2025_01f04b03]  [1.0000e+00 1.8695e-10 1.0000e-12]
[run_id=20260912_174204_152_paper_strict_raw_equation_seed2025_01f04b03]  [1.2926e-11 1.0000e-12 1.0000e+00]
[run_id=20260912_174204_152_paper_strict_raw_equation_seed2025_01f04b03]  [1.0000e-12 1.0000e-12 1.0000e+00]
[run_id=20260912_174204_152_paper_strict_raw_equation_seed2025_01f04b03]  [1.0000e+00 1.0000e-12 1.0000e-12]
[run_id=20260912_174204_152_paper_strict_raw_equation_seed2025_01f04b03]  [1.0000e+00 1.0000e-12 1.0000e-12]
[run_id=20260912_174204_152_paper_strict_raw_equation_seed2025_01f04b03]  [2.0130e-06 1.0000e-12 1.0000e+00]
[run_id=20260912_174204_152_paper_strict_raw_equation_seed2025_01f04b03]  [1.0000e-12 1.0000e+00 1.0000e-12]
[run_id=20260912_174204_152_paper_strict_raw_equation_seed2025_01f04b03]  [1.0000e-12 1.0000e-12 1.0000e+00]
[run_id=20260912_174204_152_paper_strict_raw_equation_seed2025_01f04b03]  [1.0000e-12 1.0000e-12 1.0000e+00]
[run_id=20260912_174204_152_paper_strict_raw_equation_seed2025_01f04b03]  [5.7032e-11 1.0000e-12 1.0000e+00]
[run_id=20260912_174204_152_paper_strict_raw_equation_seed2025_01f04b03]  [9.7370e-10 1.0000e+00 1.0000e-12]
[run_id=20260912_174204_152_paper_strict_raw_equation_seed2025_01f04b03]  [1.0000e+00 1.0000e-12 1.0000e-12]
[run_id=20260912_174204_152_paper_strict_raw_equation_seed2025_01f04b03]  [1.0000e+00 1.8773e-10 1.0000e-12]
[run_id=20260912_174204_152_paper_strict_raw_equation_seed2025_01f04b03]  [1.1939e-05 1.0000e-12 9.9999e-01]
[run_id=20260912_174204_152_paper_strict_raw_equation_seed2025_01f04b03]  [1.0000e+00 1.0000e-12 1.0000e-12]
[run_id=20260912_174204_152_paper_strict_raw_equation_seed2025_01f04b03]  [1.0000e+00 1.0000e-12 1.0000e-12]
[run_id=20260912_174204_152_paper_strict_raw_equation_seed2025_01f04b03]  [1.0000e+00 1.0000e-12 6.6021e-12]
[run_id=20260912_174204_152_paper_strict_raw_equation_seed2025_01f04b03]  [1.0000e-12 1.0000e+00 8.7845e-09]
[run_id=20260912_174204_152_paper_strict_raw_equation_seed2025_01f04b03]  [1.0000e-12 1.0000e+00 1.0000e-12]
[run_id=20260912_174204_152_paper_strict_raw_equation_seed2025_01f04b03]  [1.0000e+00 1.0000e-12 1.2683e-12]
[run_id=20260912_174204_152_paper_strict_raw_equation_seed2025_01f04b03]  [1.0000e-12 1.0000e-12 1.0000e+00]
[run_id=20260912_174204_152_paper_strict_raw_equation_seed2025_01f04b03]  [1.0000e-12 1.0000e-12 1.0000e+00]
[run_id=20260912_174204_152_paper_strict_raw_equation_seed2025_01f04b03]  [1.0000e+00 1.0000e-12 1.0000e-12]
[run_id=20260912_174204_152_paper_strict_raw_equation_seed2025_01f04b03]  [1.0000e-12 1.0000e+00 4.7632e-10]
[run_id=20260912_174204_152_paper_strict_raw_equation_seed2025_01f04b03]  [1.0000e+00 1.0000e-12 1.0000e-12]
[run_id=20260912_174204_152_paper_strict_raw_equation_seed2025_01f04b03]  [1.0000e-12 1.0000e-12 1.0000e+00]
[run_id=20260912_174204_152_paper_strict_raw_equation_seed2025_01f04b03]  [1.0000e-12 1.0000e+00 1.0000e-12]
[run_id=20260912_174204_152_paper_strict_raw_equation_seed2025_01f04b03]  [1.0000e-12 1.0000e+00 1.0000e-12]
[run_id=20260912_174204_152_paper_strict_raw_equation_seed2025_01f04b03]  [1.0000e-12 1.0000e-12 1.0000e+00]
[run_id=20260912_174204_152_paper_strict_raw_equation_seed2025_01f04b03]  [1.0000e-12 1.6937e-10 1.0000e+00]
[run_id=20260912_174204_152_paper_strict_raw_equation_seed2025_01f04b03]  [1.0000e-12 9.4664e-11 1.0000e+00]
[run_id=20260912_174204_152_paper_strict_raw_equation_seed2025_01f04b03]  [1.0000e-12 1.0000e+00 1.0000e-12]
[run_id=20260912_174204_152_paper_strict_raw_equation_seed2025_01f04b03]  [1.0000e-12 1.0000e-12 1.0000e+00]
[run_id=20260912_174204_152_paper_strict_raw_equation_seed2025_01f04b03]  [1.0000e-12 1.0000e-12 1.0000e+00]
[run_id=20260912_174204_152_paper_strict_raw_equation_seed2025_01f04b03]  [1.0000e-12 1.0000e+00 1.0000e-12]
[run_id=20260912_174204_152_paper_strict_raw_equation_seed2025_01f04b03]  [1.0000e-12 1.0000e-12 1.0000e+00]
[run_id=20260912_174204_152_paper_strict_raw_equation_seed2025_01f04b03]  [1.0000e+00 1.0000e-12 1.0000e-12]
[run_id=20260912_174204_152_paper_strict_raw_equation_seed2025_01f04b03]  [1.0000e-12 1.0000e+00 1.0000e-12]
[run_id=20260912_174204_152_paper_strict_raw_equation_seed2025_01f04b03]  [1.0000e-12 1.0000e+00 1.0000e-12]
[run_id=20260912_174204_152_paper_strict_raw_equation_seed2025_01f04b03]  [1.0000e+00 1.0000e-12 1.0000e-12]]
[run_id=20260912_174204_152_paper_strict_raw_equation_seed2025_01f04b03] Stage 2 strategies: {'schedule': 23, 'speed': 19, 'reroute': 16}
[run_id=20260912_174204_152_paper_strict_raw_equation_seed2025_01f04b03] Stage 2 combinations: 14
[run_id=20260912_174204_152_paper_strict_raw_equation_seed2025_01f04b03] Final conflicts: 14
[run_id=20260912_174204_152_paper_strict_raw_equation_seed2025_01f04b03] Tdelay: 37181.028317315606
[run_id=20260912_174204_152_paper_strict_raw_equation_seed2025_01f04b03] Tair: 59943.453004548945
[run_id=20260912_174204_152_paper_strict_raw_equation_seed2025_01f04b03] ORISK: 1141.88303954963
[run_id=20260912_174204_152_paper_strict_raw_equation_seed2025_01f04b03] n_delay: 27
[run_id=20260912_174204_152_paper_strict_raw_equation_seed2025_01f04b03] n_battery: 0
[run_id=20260912_174204_152_paper_strict_raw_equation_seed2025_01f04b03] paper fitness: 611900.41865590
[run_id=20260912_174204_152_paper_strict_raw_equation_seed2025_01f04b03] paper_objective_scale_mode: raw_equation
[run_id=20260912_174204_152_paper_strict_raw_equation_seed2025_01f04b03] changed_flight_count_two_stage: 49
[run_id=20260912_174204_152_paper_strict_raw_equation_seed2025_01f04b03] advanced_flight_count: 2
[run_id=20260912_174204_152_paper_strict_raw_equation_seed2025_01f04b03] delayed_flight_count: 27
[run_id=20260912_174204_152_paper_strict_raw_equation_seed2025_01f04b03] mean_absolute_atd_shift: 371.81028317315605
[run_id=20260912_174204_152_paper_strict_raw_equation_seed2025_01f04b03] max_absolute_atd_shift: 1550.4985675612752
[run_id=20260912_174204_152_paper_strict_raw_equation_seed2025_01f04b03] large_advance_without_delay_observed: False
[run_id=20260912_174204_152_paper_strict_raw_equation_seed2025_01f04b03] Stage1 runtime: 10.503
[run_id=20260912_174204_152_paper_strict_raw_equation_seed2025_01f04b03] Stage2 runtime: 13.614
[run_id=20260912_174204_152_paper_strict_raw_equation_seed2025_01f04b03] Total runtime: 30.605
[run_id=20260912_174204_152_paper_strict_raw_equation_seed2025_01f04b03] outputs: D:\Desktop\paper_fuxiang\low_altitude_flight_scheduling\outputs\runs\20260912_174204_152_paper_strict_raw_equation_seed2025_01f04b03
[run_id=20260912_174204_152_paper_strict_raw_equation_seed2025_01f04b03] Run completed
[run_id=20260912_174204_152_paper_strict_raw_equation_seed2025_01f04b03] Run ID: 20260912_174204_152_paper_strict_raw_equation_seed2025_01f04b03
[run_id=20260912_174204_152_paper_strict_raw_equation_seed2025_01f04b03] Output directory: D:\Desktop\paper_fuxiang\low_altitude_flight_scheduling\outputs\runs\20260912_174204_152_paper_strict_raw_equation_seed2025_01f04b03
